// Jest Snapshot v1, https://goo.gl/fbAQLP

exports[`Renders the virtual Hobby in the UI correctly 1`] = `
<div>
  <h2>
    I really like to 
    Sing
  </h2>
  <p />
</div>
`;
